// Jest Snapshot v1, https://goo.gl/fbAQLP

exports[`chat component snapshot 1`] = `
<div>
  <a
    href="/chat/room1"
  >
    <div
      aria-disabled="false"
      class="MuiButtonBase-root MuiListItem-root makeStyles-item-4 item MuiListItem-gutters MuiListItem-button"
      role="button"
      tabindex="0"
    >
      <div
        class="MuiListItemIcon-root"
      >
        <svg
          aria-hidden="true"
          class="MuiSvgIcon-root icon MuiSvgIcon-fontSizeLarge"
          focusable="false"
          viewBox="0 0 24 24"
        >
          <path
            d="M12 2C6.48 2 2 6.48 2 12s4.48 10 10 10 10-4.48 10-10S17.52 2 12 2zm0 3c1.66 0 3 1.34 3 3s-1.34 3-3 3-3-1.34-3-3 1.34-3 3-3zm0 14.2c-2.5 0-4.71-1.28-6-3.22.03-1.99 4-3.08 6-3.08 1.99 0 5.97 1.09 6 3.08-1.29 1.94-3.5 3.22-6 3.22z"
          />
        </svg>
      </div>
      <div
        class="description"
      >
        <div
          class="MuiListItemText-root text"
        >
          <span
            class="MuiTypography-root MuiListItemText-primary MuiTypography-body1 MuiTypography-displayBlock"
          >
            room2
          </span>
        </div>
        <div
          class="MuiListItemText-root text"
        >
          <span
            class="MuiTypography-root MuiListItemText-primary MuiTypography-body1 MuiTypography-displayBlock"
          >
            User: Test
          </span>
        </div>
        <div
          class="MuiListItemText-root text"
        >
          <span
            class="MuiTypography-root MuiListItemText-primary MuiTypography-body1 MuiTypography-displayBlock"
          >
            12.30
          </span>
        </div>
      </div>
      <svg
        aria-hidden="true"
        class="MuiSvgIcon-root removeIcon"
        focusable="false"
        viewBox="0 0 24 24"
      >
        <path
          d="M14.59 8L12 10.59 9.41 8 8 9.41 10.59 12 8 14.59 9.41 16 12 13.41 14.59 16 16 14.59 13.41 12 16 9.41 14.59 8zM12 2C6.47 2 2 6.47 2 12s4.47 10 10 10 10-4.47 10-10S17.53 2 12 2zm0 18c-4.41 0-8-3.59-8-8s3.59-8 8-8 8 3.59 8 8-3.59 8-8 8z"
        />
      </svg>
      <span
        class="MuiTouchRipple-root"
      />
    </div>
  </a>
</div>
`;
